Microchip MPLAB XC8 Compiler V1.41 ()

Linker command line:

-W-3 --edf=C:\Program Files (x86)\Microchip\xc8\v1.41\dat\en_msgs.txt -cs \
  -h+dist/default/production\adc_read.X.production.sym \
  --cmf=dist/default/production\adc_read.X.production.cmf -z -Q18F4520 \
  -oC:\Users\DEVILB~1\AppData\Local\Temp\s9q4.2 \
  -Mdist/default/production/adc_read.X.production.map -E1 -ver=XC8 \
  -ASTACK=0200h-05ffh -pstack=STACK -ACODE=00h-07FFFh -ACONST=00h-07FFFh \
  -ASMALLCONST=0600h-06FFhx122 -AMEDIUMCONST=0600h-07FFFh -ACOMRAM=01h-07Fh \
  -AABS1=00h-05FFh -ABIGRAM=01h-05FFh -ARAM=080h-0FFh,0100h-01FFhx5 \
  -ABANK0=080h-0FFh -ABANK1=0100h-01FFh -ABANK2=0200h-02FFh \
  -ABANK3=0300h-03FFh -ABANK4=0400h-04FFh -ABANK5=0500h-05FFh \
  -ASFR=0F80h-0FFFh -preset_vec=00h,intcode=08h,intcodelo=018h,powerup,init \
  -pramtop=0600h -psmallconst=SMALLCONST -pmediumconst=MEDIUMCONST \
  -pconst=CONST -AFARRAM=00h-00h -ACONFIG=0300000h-030000Dh -pconfig=CONFIG \
  -AIDLOC=0200000h-0200007h -pidloc=IDLOC -AEEDATA=0F00000h-0F000FFh \
  -peeprom_data=EEDATA \
  -prdata=COMRAM,nvrram=COMRAM,nvbit=COMRAM,rbss=COMRAM,rbit=COMRAM \
  -pfarbss=FARRAM,fardata=FARRAM,nvFARRAM=FARRAM \
  -pintsave_regs=BIGRAM,bigbss=BIGRAM,bigdata=BIGRAM -pbss=RAM \
  -pidata=CODE,irdata=CODE,ibigdata=CODE,ifardata=CODE -prparam=COMRAM \
  C:\Users\DEVILB~1\AppData\Local\Temp\s9q4.obj \
  dist/default/production\adc_read.X.production.obj 

Object code version is 3.11

Machine type is 18F4520

Call graph: (short form)




                Name                               Link     Load   Length Selector   Space Scale
C:\Users\DEVILB~1\AppData\Local\Temp\s9q4.obj
                init                                 AA       AA        4        C       0
                reset_vec                             0        0        4        0       0
                idloc                            200000   200000        8   200000       0
                config                           300000   300000        E   300000       0
dist/default/production\adc_read.X.production.obj
                intcodelo                            18       18       92        C       0
                intcode                               8        8        6        4       0
                temp                                 5A       5A        1        1       1
                smallconst                          600      600       D0      300       0
                text26                             2668     2668       2E      368       0
                intcode_body                       2228     2228       94      368       0
                text23                             217A     217A       AE      368       0
                text22                             26E0     26E0       24      368       0
                text21                             22BC     22BC       90      368       0
                text20                             26BC     26BC       24      368       0
                text19                             16E6     16E6      268      368       0
                text18                             2584     2584       4C      368       0
                text17                             1E30     1E30      12E      368       0
                text16                             23D0     23D0       82      368       0
                text15                             24C2     24C2       66      368       0
                text14                             2528     2528       5C      368       0
                text13                             1F5E     1F5E      128      368       0
                text12                             1CFE     1CFE      132      368       0
                text11                             234C     234C       84      368       0
                text10                             2452     2452       70      368       0
                text9                              2086     2086       F4      368       0
                text8                              2696     2696       26      368       0
                text7                              194E     194E      246      368       0
                text6                              2704     2704       1E      368       0
                text5                              12F6     12F6      3F0      368       0
                text4                               6D0      6D0      C26      368       0
                text3                              25D0     25D0       36      368       0
                text2                              2722     2722       16      368       0
                text1                              2606     2606       34      368       0
                text0                              1B94     1B94      16A      368       0
                cstackCOMRAM                          1        1       52        1       1
                cstackBANK0                          80       80       3D       80       1
                bssBANK1                            100      100      100      100       1
                bssCOMRAM                            53       53        7        1       1
                cinit                              263A     263A       2E      368       0

TOTAL           Name                               Link     Load   Length     Space
        CLASS   STACK          

        CLASS   CODE           
                intcodelo                            18       18       92         0
                intcode                               8        8        6         0
                init                                 AA       AA        4         0
                reset_vec                             0        0        4         0
                text26                             2668     2668       2E         0
                intcode_body                       2228     2228       94         0
                text23                             217A     217A       AE         0
                text22                             26E0     26E0       24         0
                text21                             22BC     22BC       90         0
                text20                             26BC     26BC       24         0
                text19                             16E6     16E6      268         0
                text18                             2584     2584       4C         0
                text17                             1E30     1E30      12E         0
                text16                             23D0     23D0       82         0
                text15                             24C2     24C2       66         0
                text14                             2528     2528       5C         0
                text13                             1F5E     1F5E      128         0
                text12                             1CFE     1CFE      132         0
                text11                             234C     234C       84         0
                text10                             2452     2452       70         0
                text9                              2086     2086       F4         0
                text8                              2696     2696       26         0
                text7                              194E     194E      246         0
                text6                              2704     2704       1E         0
                text5                              12F6     12F6      3F0         0
                text4                               6D0      6D0      C26         0
                text3                              25D0     25D0       36         0
                text2                              2722     2722       16         0
                text1                              2606     2606       34         0
                text0                              1B94     1B94      16A         0
                cinit                              263A     263A       2E         0

        CLASS   CONST          

        CLASS   SMALLCONST     
                smallconst                          600      600       D0         0

        CLASS   MEDIUMCONST    

        CLASS   COMRAM         
                temp                                 5A       5A        1         1
                cstackCOMRAM                          1        1       52         1
                bssCOMRAM                            53       53        7         1

        CLASS   ABS1           

        CLASS   BIGRAM         

        CLASS   RAM            

        CLASS   BANK0          
                cstackBANK0                          80       80       3D         1

        CLASS   BANK1          
                bssBANK1                            100      100      100         1

        CLASS   BANK2          

        CLASS   BANK3          

        CLASS   BANK4          

        CLASS   BANK5          

        CLASS   SFR            

        CLASS   FARRAM         

        CLASS   CONFIG         
                config                           300000   300000        E         0

        CLASS   IDLOC          
                idloc                            200000   200000        8         0

        CLASS   EEDATA         



SEGMENTS        Name                           Load    Length   Top    Selector   Space  Class

                reset_vec                      000000  000004  000004         0       0  CODE    
                cstackCOMRAM                   000001  00005A  00005B         1       1  COMRAM  
                intcode                        000008  000006  00000E         4       0  CODE    
                intcodelo                      000018  000096  0000AE         C       0  CODE    
                cstackBANK0                    000080  00003D  0000BD        80       1  BANK0   
                bssBANK1                       000100  000100  000200       100       1  BANK1   
                smallconst                     000600  0000D0  0006D0       300       0  SMALLCON
                text4                          0006D0  002068  002738       368       0  CODE    
                idloc                          200000  000008  200008    200000       0  IDLOC   
                config                         300000  00000E  30000E    300000       0  CONFIG  


UNUSED ADDRESS RANGES

        Name                Unused          Largest block    Delta
        BANK0            0000BD-0000FF               43
        BANK2            000200-0002FF              100
        BANK3            000300-0003FF              100
        BANK4            000400-0004FF              100
        BANK5            000500-0005FF              100
        BIGRAM           00005B-00007F               25
                         0000BD-0000FF               43
                         000200-0005FF              400
        CODE             000004-000007                4
                         00000E-000017                A
                         0000AE-0005FF              552
                         002738-007FFF             58C8
        COMRAM           00005B-00007F               25
        CONST            000004-000007                4
                         00000E-000017                A
                         0000AE-0005FF              552
                         002738-007FFF             58C8
        EEDATA           F00000-F000FF              100
        MEDIUMCONST      002738-007FFF             58C8
        RAM              0000BD-0000FF               43
                         000200-0005FF              100
        SFR              000F80-000FFF               80
        SMALLCONST       002738-007FFF              100
        STACK            000200-0005FF              400

                                  Symbol Table

?___awdiv                  cstackCOMRAM 00002B
?___awmod                  cstackCOMRAM 000025
?___ftadd                  cstackBANK0  000080
?___ftmul                  cstackCOMRAM 000039
?___ftneg                  cstackCOMRAM 000025
?___ftpack                 cstackCOMRAM 000025
?___ftsub                  cstackBANK0  00008C
?___fttol                  cstackCOMRAM 00004F
?___lldiv                  cstackCOMRAM 000025
?___llmod                  cstackCOMRAM 000025
?___lltoft                 cstackCOMRAM 00002D
?___lwtoft                 cstackCOMRAM 00002D
?___wmul                   cstackCOMRAM 000033
?__div_to_l_               cstackCOMRAM 000025
?__tdiv_to_l_              cstackCOMRAM 000025
?_fround                   cstackCOMRAM 000048
?_scale                    cstackCOMRAM 000048
?_sprintf                  cstackBANK0  000092
_ADCON0bits                (abs)        000FC2
_ADCON1bits                (abs)        000FC1
_ADCON2bits                (abs)        000FC0
_ADRESH                    (abs)        000FC4
_ADRESL                    (abs)        000FC3
_BAUDCONbits               (abs)        000FB8
_INTCONbits                (abs)        000FF2
_IPR1bits                  (abs)        000F9F
_LATB                      (abs)        000F8A
_OSCCONbits                (abs)        000FD3
_PIE1bits                  (abs)        000F9D
_PIR1bits                  (abs)        000F9E
_RCONbits                  (abs)        000FD0
_RCREG                     (abs)        000FAE
_RCSTAbits                 (abs)        000FAB
_SPBRG                     (abs)        000FAF
_SPBRGH                    (abs)        000FB0
_TRISAbits                 (abs)        000F92
_TRISB                     (abs)        000F93
_TRISCbits                 (abs)        000F94
_TXREG                     (abs)        000FAD
_TXSTAbits                 (abs)        000FAC
__CFG_BOREN$OFF            (abs)        000000
__CFG_BORV$3               (abs)        000000
__CFG_CCP2MX$PORTC         (abs)        000000
__CFG_CP0$OFF              (abs)        000000
__CFG_CP1$OFF              (abs)        000000
__CFG_CP2$OFF              (abs)        000000
__CFG_CP3$OFF              (abs)        000000
__CFG_CPB$OFF              (abs)        000000
__CFG_CPD$OFF              (abs)        000000
__CFG_EBTR0$OFF            (abs)        000000
__CFG_EBTR1$OFF            (abs)        000000
__CFG_EBTR2$OFF            (abs)        000000
__CFG_EBTR3$OFF            (abs)        000000
__CFG_EBTRB$OFF            (abs)        000000
__CFG_FCMEN$OFF            (abs)        000000
__CFG_IESO$OFF             (abs)        000000
__CFG_LPT1OSC$OFF          (abs)        000000
__CFG_LVP$ON               (abs)        000000
__CFG_MCLRE$ON             (abs)        000000
__CFG_OSC$INTIO67          (abs)        000000
__CFG_PBADEN$OFF           (abs)        000000
__CFG_PWRT$OFF             (abs)        000000
__CFG_STVREN$ON            (abs)        000000
__CFG_WDT$OFF              (abs)        000000
__CFG_WDTPS$32768          (abs)        000000
__CFG_WRT0$OFF             (abs)        000000
__CFG_WRT1$OFF             (abs)        000000
__CFG_WRT2$OFF             (abs)        000000
__CFG_WRT3$OFF             (abs)        000000
__CFG_WRTB$OFF             (abs)        000000
__CFG_WRTC$OFF             (abs)        000000
__CFG_WRTD$OFF             (abs)        000000
__CFG_XINST$OFF            (abs)        000000
__HRAM                     (abs)        000000
__Habs1                    abs1         000000
__Hbank0                   bank0        000000
__Hbank1                   bank1        000000
__Hbank2                   bank2        000000
__Hbank3                   bank3        000000
__Hbank4                   bank4        000000
__Hbank5                   bank5        000000
__Hbigbss                  bigbss       000000
__Hbigdata                 bigdata      000000
__Hbigram                  bigram       000000
__Hbss                     bss          000000
__HbssBANK1                bssBANK1     000000
__HbssCOMRAM               bssCOMRAM    000000
__Hcinit                   cinit        000000
__Hclrtext                 clrtext      000000
__Hcomram                  comram       000000
__Hconfig                  config       30000E
__Hconst                   const        000000
__HcstackBANK0             cstackBANK0  000000
__HcstackCOMRAM            cstackCOMRAM 000000
__Hdata                    data         000000
__Heeprom_data             eeprom_data  000000
__Hfarbss                  farbss       000000
__Hfardata                 fardata      000000
__Hibigdata                ibigdata     000000
__Hidata                   idata        000000
__Hidloc                   idloc        200008
__Hifardata                ifardata     000000
__Hinit                    init         0000AE
__Hintcode                 intcode      00000E
__Hintcode_body            intcode_body 000000
__Hintcodelo               intcodelo    0000AA
__Hintentry                intentry     000000
__Hintret                  intret       000000
__Hintsave_regs            intsave_regs 000000
__Hirdata                  irdata       000000
__Hmediumconst             mediumconst  000000
__HnvFARRAM                nvFARRAM     000000
__Hnvbit                   nvbit        000000
__Hnvrram                  nvrram       000000
__Hparam                   rparam       000000
__Hpowerup                 powerup      0000AA
__Hram                     ram          000000
__Hramtop                  ramtop       000600
__Hrbit                    rbit         000000
__Hrbss                    rbss         000000
__Hrdata                   rdata        000000
__Hreset_vec               reset_vec    000004
__Hrparam                  rparam       000000
__Hsfr                     sfr          000000
__Hsmallconst              smallconst   0006D0
__Hspace_0                 (abs)        30000E
__Hspace_1                 (abs)        000200
__Hspace_2                 (abs)        000000
__Hstack                   stack        000000
__Hstruct                  struct       000000
__Htemp                    temp         00005B
__Htext                    text         000000
__Htext0                   text0        000000
__Htext1                   text1        000000
__Htext10                  text10       000000
__Htext11                  text11       000000
__Htext12                  text12       000000
__Htext13                  text13       000000
__Htext14                  text14       000000
__Htext15                  text15       000000
__Htext16                  text16       000000
__Htext17                  text17       000000
__Htext18                  text18       000000
__Htext19                  text19       000000
__Htext2                   text2        000000
__Htext20                  text20       000000
__Htext21                  text21       000000
__Htext22                  text22       000000
__Htext23                  text23       000000
__Htext26                  text26       000000
__Htext3                   text3        000000
__Htext4                   text4        000000
__Htext5                   text5        000000
__Htext6                   text6        000000
__Htext7                   text7        000000
__Htext8                   text8        000000
__Htext9                   text9        000000
__LRAM                     (abs)        000001
__Labs1                    abs1         000000
__Lbank0                   bank0        000000
__Lbank1                   bank1        000000
__Lbank2                   bank2        000000
__Lbank3                   bank3        000000
__Lbank4                   bank4        000000
__Lbank5                   bank5        000000
__Lbigbss                  bigbss       000000
__Lbigdata                 bigdata      000000
__Lbigram                  bigram       000000
__Lbss                     bss          000000
__LbssBANK1                bssBANK1     000000
__LbssCOMRAM               bssCOMRAM    000000
__Lcinit                   cinit        000000
__Lclrtext                 clrtext      000000
__Lcomram                  comram       000000
__Lconfig                  config       300000
__Lconst                   const        000000
__LcstackBANK0             cstackBANK0  000000
__LcstackCOMRAM            cstackCOMRAM 000000
__Ldata                    data         000000
__Leeprom_data             eeprom_data  000000
__Lfarbss                  farbss       000000
__Lfardata                 fardata      000000
__Libigdata                ibigdata     000000
__Lidata                   idata        000000
__Lidloc                   idloc        200000
__Lifardata                ifardata     000000
__Linit                    init         0000AA
__Lintcode                 intcode      000008
__Lintcode_body            intcode_body 000000
__Lintcodelo               intcodelo    000018
__Lintentry                intentry     000000
__Lintret                  intret       000000
__Lintsave_regs            intsave_regs 000000
__Lirdata                  irdata       000000
__Lmediumconst             mediumconst  000000
__LnvFARRAM                nvFARRAM     000000
__Lnvbit                   nvbit        000000
__Lnvrram                  nvrram       000000
__Lparam                   rparam       000000
__Lpowerup                 powerup      0000AA
__Lram                     ram          000000
__Lramtop                  ramtop       000600
__Lrbit                    rbit         000000
__Lrbss                    rbss         000000
__Lrdata                   rdata        000000
__Lreset_vec               reset_vec    000000
__Lrparam                  rparam       000000
__Lsfr                     sfr          000000
__Lsmallconst              smallconst   000600
__Lspace_0                 (abs)        000000
__Lspace_1                 (abs)        000000
__Lspace_2                 (abs)        000000
__Lstack                   stack        000000
__Lstruct                  struct       000000
__Ltemp                    temp         00005A
__Ltext                    text         000000
__Ltext0                   text0        000000
__Ltext1                   text1        000000
__Ltext10                  text10       000000
__Ltext11                  text11       000000
__Ltext12                  text12       000000
__Ltext13                  text13       000000
__Ltext14                  text14       000000
__Ltext15                  text15       000000
__Ltext16                  text16       000000
__Ltext17                  text17       000000
__Ltext18                  text18       000000
__Ltext19                  text19       000000
__Ltext2                   text2        000000
__Ltext20                  text20       000000
__Ltext21                  text21       000000
__Ltext22                  text22       000000
__Ltext23                  text23       000000
__Ltext26                  text26       000000
__Ltext3                   text3        000000
__Ltext4                   text4        000000
__Ltext5                   text5        000000
__Ltext6                   text6        000000
__Ltext7                   text7        000000
__Ltext8                   text8        000000
__Ltext9                   text9        000000
__S0                       (abs)        30000E
__S1                       (abs)        000200
__S2                       (abs)        000000
___awdiv                   text11       00234C
___awdiv@counter           cstackCOMRAM 00002F
___awdiv@dividend          cstackCOMRAM 00002B
___awdiv@divisor           cstackCOMRAM 00002D
___awdiv@quotient          cstackCOMRAM 000031
___awdiv@sign              cstackCOMRAM 000030
___awmod                   text10       002452
___awmod@counter           cstackCOMRAM 000029
___awmod@dividend          cstackCOMRAM 000025
___awmod@divisor           cstackCOMRAM 000027
___awmod@sign              cstackCOMRAM 00002A
___ftadd                   text19       0016E6
___ftadd@exp1              cstackBANK0  00008B
___ftadd@exp2              cstackBANK0  00008A
___ftadd@f1                cstackBANK0  000080
___ftadd@f2                cstackBANK0  000083
___ftadd@sign              cstackBANK0  000089
___ftge                    text21       0022BC
___ftge@ff1                cstackCOMRAM 000025
___ftge@ff2                cstackCOMRAM 000028
___ftmul                   text9        002086
___ftmul@cntr              cstackCOMRAM 000046
___ftmul@exp               cstackCOMRAM 000042
___ftmul@f1                cstackCOMRAM 000039
___ftmul@f2                cstackCOMRAM 00003C
___ftmul@f3_as_product     cstackCOMRAM 000043
___ftmul@sign              cstackCOMRAM 000047
___ftneg                   text20       0026BC
___ftneg@f1                cstackCOMRAM 000025
___ftpack                  text23       00217A
___ftpack@arg              cstackCOMRAM 000025
___ftpack@exp              cstackCOMRAM 000028
___ftpack@sign             cstackCOMRAM 000029
___ftsub                   text18       002584
___ftsub@f1                cstackBANK0  00008C
___ftsub@f2                cstackBANK0  00008F
___fttol                   text17       001E30
___fttol@exp1              cstackBANK0  00008A
___fttol@f1                cstackCOMRAM 00004F
___fttol@lval              cstackBANK0  000086
___fttol@sign1             cstackBANK0  000085
___inthi_sp                stack        000000
___intlo_sp                stack        000000
___lldiv                   text16       0023D0
___lldiv@counter           cstackCOMRAM 000031
___lldiv@dividend          cstackCOMRAM 000025
___lldiv@divisor           cstackCOMRAM 000029
___lldiv@quotient          cstackCOMRAM 00002D
___llmod                   text15       0024C2
___llmod@counter           cstackCOMRAM 00002D
___llmod@dividend          cstackCOMRAM 000025
___llmod@divisor           cstackCOMRAM 000029
___lltoft                  text14       002528
___lltoft@c                cstackCOMRAM 00002D
___lltoft@exp              cstackCOMRAM 000035
___lwtoft                  text22       0026E0
___lwtoft@c                cstackCOMRAM 00002D
___param_bank              (abs)        000000
___rparam_used             (abs)        000001
___sp                      stack        000000
___wmul                    text8        002696
___wmul@multiplicand       cstackCOMRAM 000035
___wmul@multiplier         cstackCOMRAM 000033
___wmul@product            cstackCOMRAM 000037
__accesstop                (abs)        000080
__activetblptr             (abs)        000002
__div_to_l_                text13       001F5E
__div_to_l_@cntr           cstackCOMRAM 00002F
__div_to_l_@exp1           cstackCOMRAM 000030
__div_to_l_@f1             cstackCOMRAM 000025
__div_to_l_@f2             cstackCOMRAM 000028
__div_to_l_@quot           cstackCOMRAM 00002B
__end_of___awdiv           text11       0023D0
__end_of___awmod           text10       0024C2
__end_of___ftadd           text19       00194E
__end_of___ftge            text21       00234C
__end_of___ftmul           text9        00217A
__end_of___ftneg           text20       0026E0
__end_of___ftpack          text23       002228
__end_of___ftsub           text18       0025D0
__end_of___fttol           text17       001F5E
__end_of___lldiv           text16       002452
__end_of___llmod           text15       002528
__end_of___lltoft          text14       002584
__end_of___lwtoft          text22       002704
__end_of___wmul            text8        0026BC
__end_of__div_to_l_        text13       002086
__end_of__initialization   cinit        00265A
__end_of__npowers_         smallconst   000677
__end_of__powers_          smallconst   000650
__end_of__tdiv_to_l_       text12       001E30
__end_of_dpowers           smallconst   000629
__end_of_fround            text7        001B94
__end_of_hexpowers         smallconst   000697
__end_of_high_isr          intcode_body 0022BC
__end_of_isdigit           text6        002722
__end_of_low_isr           intcodelo    0000AA
__end_of_main              text0        001CFE
__end_of_scale             text5        0016E6
__end_of_sprintf           text4        0012F6
__end_of_uart_init         text3        002606
__end_of_uart_receiver     text26       002696
__end_of_uart_send         text2        002738
__end_of_uart_send_string  text1        00263A
__initialization           cinit        00263A
__mediumconst              mediumconst  000000
__npowers_                 smallconst   000650
__pbssBANK1                bssBANK1     000100
__pbssCOMRAM               bssCOMRAM    000053
__pcinit                   cinit        00263A
__pcstackBANK0             cstackBANK0  000080
__pcstackCOMRAM            cstackCOMRAM 000001
__pintcode                 intcode      000008
__pintcode_body            intcode_body 002228
__pintcodelo               intcodelo    000018
__powers_                  smallconst   000629
__psmallconst              smallconst   000600
__ptext0                   text0        001B94
__ptext1                   text1        002606
__ptext10                  text10       002452
__ptext11                  text11       00234C
__ptext12                  text12       001CFE
__ptext13                  text13       001F5E
__ptext14                  text14       002528
__ptext15                  text15       0024C2
__ptext16                  text16       0023D0
__ptext17                  text17       001E30
__ptext18                  text18       002584
__ptext19                  text19       0016E6
__ptext2                   text2        002722
__ptext20                  text20       0026BC
__ptext21                  text21       0022BC
__ptext22                  text22       0026E0
__ptext23                  text23       00217A
__ptext26                  text26       002668
__ptext3                   text3        0025D0
__ptext4                   text4        0006D0
__ptext5                   text5        0012F6
__ptext6                   text6        002704
__ptext7                   text7        00194E
__ptext8                   text8        002696
__ptext9                   text9        002086
__ramtop                   ramtop       000600
__size_of___awdiv          (abs)        000000
__size_of___awmod          (abs)        000000
__size_of___ftadd          (abs)        000000
__size_of___ftge           (abs)        000000
__size_of___ftmul          (abs)        000000
__size_of___ftneg          (abs)        000000
__size_of___ftpack         (abs)        000000
__size_of___ftsub          (abs)        000000
__size_of___fttol          (abs)        000000
__size_of___lldiv          (abs)        000000
__size_of___llmod          (abs)        000000
__size_of___lltoft         (abs)        000000
__size_of___lwtoft         (abs)        000000
__size_of___wmul           (abs)        000000
__size_of__div_to_l_       (abs)        000000
__size_of__tdiv_to_l_      (abs)        000000
__size_of_fround           (abs)        000000
__size_of_high_isr         (abs)        000000
__size_of_isdigit          (abs)        000000
__size_of_low_isr          (abs)        000000
__size_of_main             (abs)        000000
__size_of_scale            (abs)        000000
__size_of_sprintf          (abs)        000000
__size_of_uart_init        (abs)        000000
__size_of_uart_receiver    (abs)        000000
__size_of_uart_send        (abs)        000000
__size_of_uart_send_string (abs)        000000
__smallconst               smallconst   000600
__tdiv_to_l_               text12       001CFE
__tdiv_to_l_@cntr          cstackCOMRAM 000032
__tdiv_to_l_@exp1          cstackCOMRAM 000033
__tdiv_to_l_@f1            cstackCOMRAM 000025
__tdiv_to_l_@f2            cstackCOMRAM 000028
__tdiv_to_l_@quot          cstackCOMRAM 00002E
_adc_to_led                bssCOMRAM    000056
_adc_volt                  bssCOMRAM    000053
_data                      bssCOMRAM    000059
_dpowers                   smallconst   000601
_fround                    text7        00194E
_fround$1398               cstackCOMRAM 00004E
_fround$1399               cstackCOMRAM 00004B
_got_data_bool             bssCOMRAM    000058
_hexpowers                 smallconst   000677
_high_isr                  intcode      000008
_isdigit                   text6        002704
_isdigit$1070              cstackCOMRAM 000026
_low_isr                   intcodelo    000018
_main                      text0        001B94
_print_buffer              bssBANK1     000100
_scale                     text5        0012F6
_scale$1400                cstackCOMRAM 00004B
_sprintf                   text4        0006D0
_sprintf$1401              cstackBANK0  0000A0
_uart_init                 text3        0025D0
_uart_receiver             text26       002668
_uart_send                 text2        002722
_uart_send_string          text1        002606
btemp                      temp         00005A
end_of_initialization      cinit        00265A
fround@prec                cstackCOMRAM 000051
int$flags                  temp         00005A
int_func                   intcode_body 002228
intlevel0                  text         000000
intlevel1                  text         000000
intlevel2                  text         000000
intlevel3                  text         000000
isdigit@c                  cstackCOMRAM 000027
scale@scl                  cstackCOMRAM 00004E
sprintf@ap                 cstackBANK0  0000A4
sprintf@c                  cstackBANK0  0000B9
sprintf@exp                cstackBANK0  0000AE
sprintf@f                  cstackBANK0  000094
sprintf@flag               cstackBANK0  0000B0
sprintf@fval               cstackBANK0  0000B4
sprintf@idx                cstackBANK0  0000A3
sprintf@prec               cstackBANK0  0000B7
sprintf@sp                 cstackBANK0  000092
sprintf@tmpval             cstackBANK0  0000AA
sprintf@val                cstackBANK0  0000A6
sprintf@width              cstackBANK0  0000B2
stackhi                    (abs)        0005FF
stacklo                    (abs)        000200
start                      init         0000AA
start_initialization       cinit        00263A
uart_init@brg16            cstackCOMRAM 00002B
uart_init@brgh             cstackCOMRAM 000029
uart_init@gen_reg          cstackCOMRAM 000025
uart_init@sync             cstackCOMRAM 000027
uart_receiver@c            cstackCOMRAM 000001
uart_receiver@er           cstackCOMRAM 000005
uart_receiver@rx_flag      cstackCOMRAM 000003
uart_send@c                cstackCOMRAM 000025
uart_send_string@c         cstackCOMRAM 000027
uart_send_string@i         cstackCOMRAM 000029


FUNCTION INFORMATION:

 *************** function _main *****************
 Defined at:
		line 22 in file "main.c"
 Parameters:    Size  Location     Type
		None
 Auto vars:     Size  Location     Type
		None
 Return value:  Size  Location     Type
                  1    wreg      void 
 Registers used:
		wreg, fsr2l, fsr2h, status,2, status,0, tblptrl, tblptrh, tblptru, prodl, prodh, cstack
 Tracked objects:
		On entry : 
		On exit  : 
		Unchanged: 
 Data sizes:     COMRAM   BANK0   BANK1   BANK2   BANK3   BANK4   BANK5
      Params:         0       0       0       0       0       0       0
      Locals:         0       0       0       0       0       0       0
      Temps:          0       3       0       0       0       0       0
      Totals:         0       3       0       0       0       0       0
Total ram usage:        3 bytes
 Hardware stack levels required when called:    7
 This function calls:
		___ftmul
		___lwtoft
		_sprintf
		_uart_init
		_uart_send_string
 This function is called by:
		Startup code after reset
 This function uses a non-reentrant model


 *************** function _uart_send_string *****************
 Defined at:
		line 50 in file "uart_layer.c"
 Parameters:    Size  Location     Type
  c               2   38[COMRAM] PTR unsigned char 
		 -> print_buffer(256), 
 Auto vars:     Size  Location     Type
  i               1   40[COMRAM] unsigned char 
 Return value:  Size  Location     Type
                  1    wreg      void 
 Registers used:
		wreg, fsr2l, fsr2h, status,2, status,0, prodl, prodh, cstack
 Tracked objects:
		On entry : 
		On exit  : 
		Unchanged: 
 Data sizes:     COMRAM   BANK0   BANK1   BANK2   BANK3   BANK4   BANK5
      Params:         2       0       0       0       0       0       0
      Locals:         1       0       0       0       0       0       0
      Temps:          0       0       0       0       0       0       0
      Totals:         3       0       0       0       0       0       0
Total ram usage:        3 bytes
 Hardware stack levels used:    1
 Hardware stack levels required when called:    4
 This function calls:
		_uart_send
 This function is called by:
		_main
 This function uses a non-reentrant model


 *************** function _uart_send *****************
 Defined at:
		line 24 in file "uart_layer.c"
 Parameters:    Size  Location     Type
  c               2   36[COMRAM] PTR unsigned char 
		 -> print_buffer(256), 
 Auto vars:     Size  Location     Type
		None
 Return value:  Size  Location     Type
                  1    wreg      void 
 Registers used:
		wreg, fsr2l, fsr2h, status,2
 Tracked objects:
		On entry : 
		On exit  : 
		Unchanged: 
 Data sizes:     COMRAM   BANK0   BANK1   BANK2   BANK3   BANK4   BANK5
      Params:         2       0       0       0       0       0       0
      Locals:         0       0       0       0       0       0       0
      Temps:          0       0       0       0       0       0       0
      Totals:         2       0       0       0       0       0       0
Total ram usage:        2 bytes
 Hardware stack levels used:    1
 Hardware stack levels required when called:    3
 This function calls:
		Nothing
 This function is called by:
		_uart_send_string
		_uart_send_array
 This function uses a non-reentrant model


 *************** function _uart_init *****************
 Defined at:
		line 4 in file "uart_layer.c"
 Parameters:    Size  Location     Type
  gen_reg         2   36[COMRAM] unsigned int 
  sync            2   38[COMRAM] unsigned int 
  brgh            2   40[COMRAM] unsigned int 
  brg16           2   42[COMRAM] unsigned int 
 Auto vars:     Size  Location     Type
		None
 Return value:  Size  Location     Type
                  1    wreg      void 
 Registers used:
		wreg, status,2
 Tracked objects:
		On entry : 
		On exit  : 
		Unchanged: 
 Data sizes:     COMRAM   BANK0   BANK1   BANK2   BANK3   BANK4   BANK5
      Params:         8       0       0       0       0       0       0
      Locals:         0       0       0       0       0       0       0
      Temps:          0       0       0       0       0       0       0
      Totals:         8       0       0       0       0       0       0
Total ram usage:        8 bytes
 Hardware stack levels used:    1
 Hardware stack levels required when called:    3
 This function calls:
		Nothing
 This function is called by:
		_main
 This function uses a non-reentrant model


 *************** function _sprintf *****************
 Defined at:
		line 492 in file "C:\Program Files (x86)\Microchip\xc8\v1.41\sources\common\doprnt.c"
 Parameters:    Size  Location     Type
  sp              2   18[BANK0 ] PTR unsigned char 
		 -> print_buffer(256), 
  f               2   20[BANK0 ] PTR const unsigned char 
		 -> STR_2(16), STR_1(23), 
 Auto vars:     Size  Location     Type
  idx             1   35[BANK0 ] unsigned char 
  tmpval          4   42[BANK0 ] struct .
  val             4   38[BANK0 ] unsigned long 
  fval            3   52[BANK0 ] unsigned long 
  cp              3    0        PTR const unsigned char 
  prec            2   55[BANK0 ] int 
  width           2   50[BANK0 ] int 
  flag            2   48[BANK0 ] unsigned short 
  exp             2   46[BANK0 ] int 
  ap              2   36[BANK0 ] PTR void [1]
		 -> ?_sprintf(2), 
  len             2    0        unsigned int 
  c               1   57[BANK0 ] char 
  d               1    0        unsigned char 
 Return value:  Size  Location     Type
                  2   18[BANK0 ] int 
 Registers used:
		wreg, fsr2l, fsr2h, status,2, status,0, tblptrl, tblptrh, tblptru, prodl, prodh, cstack
 Tracked objects:
		On entry : 
		On exit  : 
		Unchanged: 
 Data sizes:     COMRAM   BANK0   BANK1   BANK2   BANK3   BANK4   BANK5
      Params:         0       8       0       0       0       0       0
      Locals:         0      26       0       0       0       0       0
      Temps:          0       6       0       0       0       0       0
      Totals:         0      40       0       0       0       0       0
Total ram usage:       40 bytes
 Hardware stack levels used:    1
 Hardware stack levels required when called:    6
 This function calls:
		___awdiv
		___ftadd
		___ftge
		___ftmul
		___ftneg
		___ftsub
		___fttol
		___lldiv
		___llmod
		___lltoft
		___wmul
		__div_to_l_
		__tdiv_to_l_
		_fround
		_isdigit
		_scale
 This function is called by:
		_main
 This function uses a non-reentrant model


 *************** function _scale *****************
 Defined at:
		line 425 in file "C:\Program Files (x86)\Microchip\xc8\v1.41\sources\common\doprnt.c"
 Parameters:    Size  Location     Type
  scl             1    wreg     char 
 Auto vars:     Size  Location     Type
  scl             1   77[COMRAM] char 
 Return value:  Size  Location     Type
                  3   71[COMRAM] char 
 Registers used:
		wreg, status,2, status,0, tblptrl, tblptrh, tblptru, prodl, prodh, cstack
 Tracked objects:
		On entry : 
		On exit  : 
		Unchanged: 
 Data sizes:     COMRAM   BANK0   BANK1   BANK2   BANK3   BANK4   BANK5
      Params:         3       0       0       0       0       0       0
      Locals:         4       0       0       0       0       0       0
      Temps:          0       0       0       0       0       0       0
      Totals:         7       0       0       0       0       0       0
Total ram usage:        7 bytes
 Hardware stack levels used:    1
 Hardware stack levels required when called:    5
 This function calls:
		___awdiv
		___awmod
		___ftmul
		___wmul
 This function is called by:
		_sprintf
 This function uses a non-reentrant model


 *************** function _isdigit *****************
 Defined at:
		line 8 in file "C:\Program Files (x86)\Microchip\xc8\v1.41\sources\common\isdigit.c"
 Parameters:    Size  Location     Type
  c               1    wreg     unsigned char 
 Auto vars:     Size  Location     Type
  c               1   38[COMRAM] unsigned char 
 Return value:  Size  Location     Type
		None               void
 Registers used:
		wreg, status,2, status,0
 Tracked objects:
		On entry : 
		On exit  : 
		Unchanged: 
 Data sizes:     COMRAM   BANK0   BANK1   BANK2   BANK3   BANK4   BANK5
      Params:         0       0       0       0       0       0       0
      Locals:         2       0       0       0       0       0       0
      Temps:          1       0       0       0       0       0       0
      Totals:         3       0       0       0       0       0       0
Total ram usage:        3 bytes
 Hardware stack levels used:    1
 Hardware stack levels required when called:    3
 This function calls:
		Nothing
 This function is called by:
		_sprintf
 This function uses a non-reentrant model


 *************** function _fround *****************
 Defined at:
		line 409 in file "C:\Program Files (x86)\Microchip\xc8\v1.41\sources\common\doprnt.c"
 Parameters:    Size  Location     Type
  prec            1    wreg     unsigned char 
 Auto vars:     Size  Location     Type
  prec            1   80[COMRAM] unsigned char 
 Return value:  Size  Location     Type
                  3   71[COMRAM] unsigned char 
 Registers used:
		wreg, status,2, status,0, tblptrl, tblptrh, tblptru, prodl, prodh, cstack
 Tracked objects:
		On entry : 
		On exit  : 
		Unchanged: 
 Data sizes:     COMRAM   BANK0   BANK1   BANK2   BANK3   BANK4   BANK5
      Params:         3       0       0       0       0       0       0
      Locals:         7       0       0       0       0       0       0
      Temps:          0       0       0       0       0       0       0
      Totals:        10       0       0       0       0       0       0
Total ram usage:       10 bytes
 Hardware stack levels used:    1
 Hardware stack levels required when called:    5
 This function calls:
		___awdiv
		___awmod
		___ftmul
		___wmul
 This function is called by:
		_sprintf
 This function uses a non-reentrant model


 *************** function ___wmul *****************
 Defined at:
		line 15 in file "C:\Program Files (x86)\Microchip\xc8\v1.41\sources\common\Umul16.c"
 Parameters:    Size  Location     Type
  multiplier      2   50[COMRAM] unsigned int 
  multiplicand    2   52[COMRAM] unsigned int 
 Auto vars:     Size  Location     Type
  product         2   54[COMRAM] unsigned int 
 Return value:  Size  Location     Type
                  2   50[COMRAM] unsigned int 
 Registers used:
		wreg, status,2, status,0, prodl, prodh
 Tracked objects:
		On entry : 
		On exit  : 
		Unchanged: 
 Data sizes:     COMRAM   BANK0   BANK1   BANK2   BANK3   BANK4   BANK5
      Params:         4       0       0       0       0       0       0
      Locals:         2       0       0       0       0       0       0
      Temps:          0       0       0       0       0       0       0
      Totals:         6       0       0       0       0       0       0
Total ram usage:        6 bytes
 Hardware stack levels used:    1
 Hardware stack levels required when called:    3
 This function calls:
		Nothing
 This function is called by:
		_fround
		_scale
		_sprintf
 This function uses a non-reentrant model


 *************** function ___ftmul *****************
 Defined at:
		line 62 in file "C:\Program Files (x86)\Microchip\xc8\v1.41\sources\common\ftmul.c"
 Parameters:    Size  Location     Type
  f1              3   56[COMRAM] float 
  f2              3   59[COMRAM] float 
 Auto vars:     Size  Location     Type
  f3_as_produc    3   66[COMRAM] unsigned um
  sign            1   70[COMRAM] unsigned char 
  cntr            1   69[COMRAM] unsigned char 
  exp             1   65[COMRAM] unsigned char 
 Return value:  Size  Location     Type
                  3   56[COMRAM] float 
 Registers used:
		wreg, status,2, status,0, cstack
 Tracked objects:
		On entry : 
		On exit  : 
		Unchanged: 
 Data sizes:     COMRAM   BANK0   BANK1   BANK2   BANK3   BANK4   BANK5
      Params:         6       0       0       0       0       0       0
      Locals:         6       0       0       0       0       0       0
      Temps:          3       0       0       0       0       0       0
      Totals:        15       0       0       0       0       0       0
Total ram usage:       15 bytes
 Hardware stack levels used:    1
 Hardware stack levels required when called:    4
 This function calls:
		___ftpack
 This function is called by:
		_main
		_fround
		_scale
		_sprintf
 This function uses a non-reentrant model


 *************** function ___awmod *****************
 Defined at:
		line 8 in file "C:\Program Files (x86)\Microchip\xc8\v1.41\sources\common\awmod.c"
 Parameters:    Size  Location     Type
  dividend        2   36[COMRAM] int 
  divisor         2   38[COMRAM] int 
 Auto vars:     Size  Location     Type
  sign            1   41[COMRAM] unsigned char 
  counter         1   40[COMRAM] unsigned char 
 Return value:  Size  Location     Type
                  2   36[COMRAM] int 
 Registers used:
		wreg, status,2, status,0
 Tracked objects:
		On entry : 
		On exit  : 
		Unchanged: 
 Data sizes:     COMRAM   BANK0   BANK1   BANK2   BANK3   BANK4   BANK5
      Params:         4       0       0       0       0       0       0
      Locals:         2       0       0       0       0       0       0
      Temps:          0       0       0       0       0       0       0
      Totals:         6       0       0       0       0       0       0
Total ram usage:        6 bytes
 Hardware stack levels used:    1
 Hardware stack levels required when called:    3
 This function calls:
		Nothing
 This function is called by:
		_fround
		_scale
 This function uses a non-reentrant model


 *************** function ___awdiv *****************
 Defined at:
		line 8 in file "C:\Program Files (x86)\Microchip\xc8\v1.41\sources\common\awdiv.c"
 Parameters:    Size  Location     Type
  dividend        2   42[COMRAM] int 
  divisor         2   44[COMRAM] int 
 Auto vars:     Size  Location     Type
  quotient        2   48[COMRAM] int 
  sign            1   47[COMRAM] unsigned char 
  counter         1   46[COMRAM] unsigned char 
 Return value:  Size  Location     Type
                  2   42[COMRAM] int 
 Registers used:
		wreg, status,2, status,0
 Tracked objects:
		On entry : 
		On exit  : 
		Unchanged: 
 Data sizes:     COMRAM   BANK0   BANK1   BANK2   BANK3   BANK4   BANK5
      Params:         4       0       0       0       0       0       0
      Locals:         4       0       0       0       0       0       0
      Temps:          0       0       0       0       0       0       0
      Totals:         8       0       0       0       0       0       0
Total ram usage:        8 bytes
 Hardware stack levels used:    1
 Hardware stack levels required when called:    3
 This function calls:
		Nothing
 This function is called by:
		_fround
		_scale
		_sprintf
 This function uses a non-reentrant model


 *************** function __tdiv_to_l_ *****************
 Defined at:
		line 60 in file "C:\Program Files (x86)\Microchip\xc8\v1.41\sources\common\ftdivl.c"
 Parameters:    Size  Location     Type
  f1              3   36[COMRAM] float 
  f2              3   39[COMRAM] float 
 Auto vars:     Size  Location     Type
  quot            4   45[COMRAM] unsigned long 
  exp1            1   50[COMRAM] unsigned char 
  cntr            1   49[COMRAM] unsigned char 
 Return value:  Size  Location     Type
                  4   36[COMRAM] unsigned long 
 Registers used:
		wreg, status,2, status,0
 Tracked objects:
		On entry : 
		On exit  : 
		Unchanged: 
 Data sizes:     COMRAM   BANK0   BANK1   BANK2   BANK3   BANK4   BANK5
      Params:         6       0       0       0       0       0       0
      Locals:         6       0       0       0       0       0       0
      Temps:          3       0       0       0       0       0       0
      Totals:        15       0       0       0       0       0       0
Total ram usage:       15 bytes
 Hardware stack levels used:    1
 Hardware stack levels required when called:    3
 This function calls:
		Nothing
 This function is called by:
		_sprintf
 This function uses a non-reentrant model


 *************** function __div_to_l_ *****************
 Defined at:
		line 60 in file "C:\Program Files (x86)\Microchip\xc8\v1.41\sources\common\fldivl.c"
 Parameters:    Size  Location     Type
  f1              3   36[COMRAM] unsigned long 
  f2              3   39[COMRAM] unsigned long 
 Auto vars:     Size  Location     Type
  quot            4   42[COMRAM] unsigned long 
  exp1            1   47[COMRAM] unsigned char 
  cntr            1   46[COMRAM] unsigned char 
 Return value:  Size  Location     Type
                  4   36[COMRAM] unsigned long 
 Registers used:
		wreg, status,2, status,0
 Tracked objects:
		On entry : 
		On exit  : 
		Unchanged: 
 Data sizes:     COMRAM   BANK0   BANK1   BANK2   BANK3   BANK4   BANK5
      Params:         6       0       0       0       0       0       0
      Locals:         6       0       0       0       0       0       0
      Temps:          0       0       0       0       0       0       0
      Totals:        12       0       0       0       0       0       0
Total ram usage:       12 bytes
 Hardware stack levels used:    1
 Hardware stack levels required when called:    3
 This function calls:
		Nothing
 This function is called by:
		_sprintf
 This function uses a non-reentrant model


 *************** function ___lltoft *****************
 Defined at:
		line 35 in file "C:\Program Files (x86)\Microchip\xc8\v1.41\sources\common\lltoft.c"
 Parameters:    Size  Location     Type
  c               4   44[COMRAM] unsigned long 
 Auto vars:     Size  Location     Type
  exp             1   52[COMRAM] unsigned char 
 Return value:  Size  Location     Type
                  3   44[COMRAM] float 
 Registers used:
		wreg, status,2, status,0, cstack
 Tracked objects:
		On entry : 
		On exit  : 
		Unchanged: 
 Data sizes:     COMRAM   BANK0   BANK1   BANK2   BANK3   BANK4   BANK5
      Params:         4       0       0       0       0       0       0
      Locals:         1       0       0       0       0       0       0
      Temps:          4       0       0       0       0       0       0
      Totals:         9       0       0       0       0       0       0
Total ram usage:        9 bytes
 Hardware stack levels used:    1
 Hardware stack levels required when called:    4
 This function calls:
		___ftpack
 This function is called by:
		_sprintf
 This function uses a non-reentrant model


 *************** function ___llmod *****************
 Defined at:
		line 8 in file "C:\Program Files (x86)\Microchip\xc8\v1.41\sources\common\llmod.c"
 Parameters:    Size  Location     Type
  dividend        4   36[COMRAM] unsigned long 
  divisor         4   40[COMRAM] unsigned long 
 Auto vars:     Size  Location     Type
  counter         1   44[COMRAM] unsigned char 
 Return value:  Size  Location     Type
                  4   36[COMRAM] unsigned long 
 Registers used:
		wreg, status,2, status,0
 Tracked objects:
		On entry : 
		On exit  : 
		Unchanged: 
 Data sizes:     COMRAM   BANK0   BANK1   BANK2   BANK3   BANK4   BANK5
      Params:         8       0       0       0       0       0       0
      Locals:         1       0       0       0       0       0       0
      Temps:          0       0       0       0       0       0       0
      Totals:         9       0       0       0       0       0       0
Total ram usage:        9 bytes
 Hardware stack levels used:    1
 Hardware stack levels required when called:    3
 This function calls:
		Nothing
 This function is called by:
		_sprintf
 This function uses a non-reentrant model


 *************** function ___lldiv *****************
 Defined at:
		line 8 in file "C:\Program Files (x86)\Microchip\xc8\v1.41\sources\common\lldiv.c"
 Parameters:    Size  Location     Type
  dividend        4   36[COMRAM] unsigned long 
  divisor         4   40[COMRAM] unsigned long 
 Auto vars:     Size  Location     Type
  quotient        4   44[COMRAM] unsigned long 
  counter         1   48[COMRAM] unsigned char 
 Return value:  Size  Location     Type
                  4   36[COMRAM] unsigned long 
 Registers used:
		wreg, status,2, status,0
 Tracked objects:
		On entry : 
		On exit  : 
		Unchanged: 
 Data sizes:     COMRAM   BANK0   BANK1   BANK2   BANK3   BANK4   BANK5
      Params:         8       0       0       0       0       0       0
      Locals:         5       0       0       0       0       0       0
      Temps:          0       0       0       0       0       0       0
      Totals:        13       0       0       0       0       0       0
Total ram usage:       13 bytes
 Hardware stack levels used:    1
 Hardware stack levels required when called:    3
 This function calls:
		Nothing
 This function is called by:
		_sprintf
 This function uses a non-reentrant model


 *************** function ___fttol *****************
 Defined at:
		line 44 in file "C:\Program Files (x86)\Microchip\xc8\v1.41\sources\common\fttol.c"
 Parameters:    Size  Location     Type
  f1              3   78[COMRAM] float 
 Auto vars:     Size  Location     Type
  lval            4    6[BANK0 ] unsigned long 
  exp1            1   10[BANK0 ] unsigned char 
  sign1           1    5[BANK0 ] unsigned char 
 Return value:  Size  Location     Type
                  4   78[COMRAM] long 
 Registers used:
		wreg, status,2, status,0
 Tracked objects:
		On entry : 
		On exit  : 
		Unchanged: 
 Data sizes:     COMRAM   BANK0   BANK1   BANK2   BANK3   BANK4   BANK5
      Params:         4       0       0       0       0       0       0
      Locals:         0       6       0       0       0       0       0
      Temps:          0       5       0       0       0       0       0
      Totals:         4      11       0       0       0       0       0
Total ram usage:       15 bytes
 Hardware stack levels used:    1
 Hardware stack levels required when called:    3
 This function calls:
		Nothing
 This function is called by:
		_sprintf
 This function uses a non-reentrant model


 *************** function ___ftsub *****************
 Defined at:
		line 20 in file "C:\Program Files (x86)\Microchip\xc8\v1.41\sources\common\ftsub.c"
 Parameters:    Size  Location     Type
  f1              3   12[BANK0 ] float 
  f2              3   15[BANK0 ] float 
 Auto vars:     Size  Location     Type
		None
 Return value:  Size  Location     Type
                  3   12[BANK0 ] float 
 Registers used:
		wreg, status,2, status,0, cstack
 Tracked objects:
		On entry : 
		On exit  : 
		Unchanged: 
 Data sizes:     COMRAM   BANK0   BANK1   BANK2   BANK3   BANK4   BANK5
      Params:         0       6       0       0       0       0       0
      Locals:         0       0       0       0       0       0       0
      Temps:          0       0       0       0       0       0       0
      Totals:         0       6       0       0       0       0       0
Total ram usage:        6 bytes
 Hardware stack levels used:    1
 Hardware stack levels required when called:    5
 This function calls:
		___ftadd
 This function is called by:
		_sprintf
 This function uses a non-reentrant model


 *************** function ___ftadd *****************
 Defined at:
		line 86 in file "C:\Program Files (x86)\Microchip\xc8\v1.41\sources\common\ftadd.c"
 Parameters:    Size  Location     Type
  f1              3    0[BANK0 ] float 
  f2              3    3[BANK0 ] float 
 Auto vars:     Size  Location     Type
  exp1            1   11[BANK0 ] unsigned char 
  exp2            1   10[BANK0 ] unsigned char 
  sign            1    9[BANK0 ] unsigned char 
 Return value:  Size  Location     Type
                  3    0[BANK0 ] float 
 Registers used:
		wreg, status,2, status,0, cstack
 Tracked objects:
		On entry : 
		On exit  : 
		Unchanged: 
 Data sizes:     COMRAM   BANK0   BANK1   BANK2   BANK3   BANK4   BANK5
      Params:         0       6       0       0       0       0       0
      Locals:         0       3       0       0       0       0       0
      Temps:          0       3       0       0       0       0       0
      Totals:         0      12       0       0       0       0       0
Total ram usage:       12 bytes
 Hardware stack levels used:    1
 Hardware stack levels required when called:    4
 This function calls:
		___ftpack
 This function is called by:
		_sprintf
		___ftsub
 This function uses a non-reentrant model


 *************** function ___ftneg *****************
 Defined at:
		line 15 in file "C:\Program Files (x86)\Microchip\xc8\v1.41\sources\common\ftneg.c"
 Parameters:    Size  Location     Type
  f1              3   36[COMRAM] float 
 Auto vars:     Size  Location     Type
		None
 Return value:  Size  Location     Type
                  3   36[COMRAM] float 
 Registers used:
		wreg, status,2, status,0
 Tracked objects:
		On entry : 
		On exit  : 
		Unchanged: 
 Data sizes:     COMRAM   BANK0   BANK1   BANK2   BANK3   BANK4   BANK5
      Params:         3       0       0       0       0       0       0
      Locals:         0       0       0       0       0       0       0
      Temps:          0       0       0       0       0       0       0
      Totals:         3       0       0       0       0       0       0
Total ram usage:        3 bytes
 Hardware stack levels used:    1
 Hardware stack levels required when called:    3
 This function calls:
		Nothing
 This function is called by:
		_sprintf
 This function uses a non-reentrant model


 *************** function ___ftge *****************
 Defined at:
		line 4 in file "C:\Program Files (x86)\Microchip\xc8\v1.41\sources\common\ftge.c"
 Parameters:    Size  Location     Type
  ff1             3   36[COMRAM] float 
  ff2             3   39[COMRAM] float 
 Auto vars:     Size  Location     Type
		None
 Return value:  Size  Location     Type
		None               void
 Registers used:
		wreg, status,2, status,0
 Tracked objects:
		On entry : 
		On exit  : 
		Unchanged: 
 Data sizes:     COMRAM   BANK0   BANK1   BANK2   BANK3   BANK4   BANK5
      Params:         6       0       0       0       0       0       0
      Locals:         0       0       0       0       0       0       0
      Temps:          3       0       0       0       0       0       0
      Totals:         9       0       0       0       0       0       0
Total ram usage:        9 bytes
 Hardware stack levels used:    1
 Hardware stack levels required when called:    3
 This function calls:
		Nothing
 This function is called by:
		_sprintf
 This function uses a non-reentrant model


 *************** function ___lwtoft *****************
 Defined at:
		line 28 in file "C:\Program Files (x86)\Microchip\xc8\v1.41\sources\common\lwtoft.c"
 Parameters:    Size  Location     Type
  c               2   44[COMRAM] unsigned int 
 Auto vars:     Size  Location     Type
		None
 Return value:  Size  Location     Type
                  3   44[COMRAM] float 
 Registers used:
		wreg, status,2, status,0, cstack
 Tracked objects:
		On entry : 
		On exit  : 
		Unchanged: 
 Data sizes:     COMRAM   BANK0   BANK1   BANK2   BANK3   BANK4   BANK5
      Params:         3       0       0       0       0       0       0
      Locals:         0       0       0       0       0       0       0
      Temps:          0       0       0       0       0       0       0
      Totals:         3       0       0       0       0       0       0
Total ram usage:        3 bytes
 Hardware stack levels used:    1
 Hardware stack levels required when called:    4
 This function calls:
		___ftpack
 This function is called by:
		_main
 This function uses a non-reentrant model


 *************** function ___ftpack *****************
 Defined at:
		line 62 in file "C:\Program Files (x86)\Microchip\xc8\v1.41\sources\common\float.c"
 Parameters:    Size  Location     Type
  arg             3   36[COMRAM] unsigned um
  exp             1   39[COMRAM] unsigned char 
  sign            1   40[COMRAM] unsigned char 
 Auto vars:     Size  Location     Type
		None
 Return value:  Size  Location     Type
                  3   36[COMRAM] float 
 Registers used:
		wreg, status,2, status,0
 Tracked objects:
		On entry : 
		On exit  : 
		Unchanged: 
 Data sizes:     COMRAM   BANK0   BANK1   BANK2   BANK3   BANK4   BANK5
      Params:         5       0       0       0       0       0       0
      Locals:         0       0       0       0       0       0       0
      Temps:          3       0       0       0       0       0       0
      Totals:         8       0       0       0       0       0       0
Total ram usage:        8 bytes
 Hardware stack levels used:    1
 Hardware stack levels required when called:    3
 This function calls:
		Nothing
 This function is called by:
		___ftadd
		___ftmul
		___lltoft
		___lwtoft
 This function uses a non-reentrant model


 *************** function _low_isr *****************
 Defined at:
		line 77 in file "main.c"
 Parameters:    Size  Location     Type
		None
 Auto vars:     Size  Location     Type
		None
 Return value:  Size  Location     Type
                  1    wreg      void 
 Registers used:
		None
 Tracked objects:
		On entry : 
		On exit  : 
		Unchanged: 
 Data sizes:     COMRAM   BANK0   BANK1   BANK2   BANK3   BANK4   BANK5
      Params:         0       0       0       0       0       0       0
      Locals:         0       0       0       0       0       0       0
      Temps:         17       0       0       0       0       0       0
      Totals:        17       0       0       0       0       0       0
Total ram usage:       17 bytes
 Hardware stack levels used:    1
 Hardware stack levels required when called:    2
 This function calls:
		Nothing
 This function is called by:
		Interrupt level 1
 This function uses a non-reentrant model


 *************** function _high_isr *****************
 Defined at:
		line 67 in file "main.c"
 Parameters:    Size  Location     Type
		None
 Auto vars:     Size  Location     Type
		None
 Return value:  Size  Location     Type
                  1    wreg      void 
 Registers used:
		wreg, fsr2l, fsr2h, status,2, status,0, cstack
 Tracked objects:
		On entry : 
		On exit  : 
		Unchanged: 
 Data sizes:     COMRAM   BANK0   BANK1   BANK2   BANK3   BANK4   BANK5
      Params:         0       0       0       0       0       0       0
      Locals:         0       0       0       0       0       0       0
      Temps:         14       0       0       0       0       0       0
      Totals:        14       0       0       0       0       0       0
Total ram usage:       14 bytes
 Hardware stack levels used:    1
 Hardware stack levels required when called:    1
 This function calls:
		_uart_receiver
 This function is called by:
		Interrupt level 2
 This function uses a non-reentrant model


 *************** function _uart_receiver *****************
 Defined at:
		line 31 in file "uart_layer.c"
 Parameters:    Size  Location     Type
  c               2    0[COMRAM] PTR unsigned char 
		 -> data(1), 
  rx_flag         2    2[COMRAM] PTR unsigned char 
		 -> got_data_bool(1), 
 Auto vars:     Size  Location     Type
  er              1    4[COMRAM] unsigned char 
 Return value:  Size  Location     Type
                  1    wreg      void 
 Registers used:
		wreg, fsr2l, fsr2h
 Tracked objects:
		On entry : 
		On exit  : 
		Unchanged: 
 Data sizes:     COMRAM   BANK0   BANK1   BANK2   BANK3   BANK4   BANK5
      Params:         4       0       0       0       0       0       0
      Locals:         1       0       0       0       0       0       0
      Temps:          0       0       0       0       0       0       0
      Totals:         5       0       0       0       0       0       0
Total ram usage:        5 bytes
 Hardware stack levels used:    1
 This function calls:
		Nothing
 This function is called by:
		_high_isr
 This function uses a non-reentrant model



MODULE INFORMATION

Module		Function		Class		Link	Load	Size
C:\Program Files (x86)\Microchip\xc8\v1.41\sources\common\awdiv.c
		___awdiv       		CODE           	234C	0000	133

C:\Program Files (x86)\Microchip\xc8\v1.41\sources\common\awdiv.c estimated size: 133

C:\Program Files (x86)\Microchip\xc8\v1.41\sources\common\lldiv.c
		___lldiv       		CODE           	23D0	0000	131

C:\Program Files (x86)\Microchip\xc8\v1.41\sources\common\lldiv.c estimated size: 131

C:\Program Files (x86)\Microchip\xc8\v1.41\sources\common\doprnt.c
		_scale         		CODE           	12F6	0000	1009
		_sprintf       		CODE           	06D0	0000	3111
		_fround        		CODE           	194E	0000	583

C:\Program Files (x86)\Microchip\xc8\v1.41\sources\common\doprnt.c estimated size: 4703

C:\Program Files (x86)\Microchip\xc8\v1.41\sources\common\ftdivl.c
		__tdiv_to_l_   		CODE           	1CFE	0000	307

C:\Program Files (x86)\Microchip\xc8\v1.41\sources\common\ftdivl.c estimated size: 307

C:\Program Files (x86)\Microchip\xc8\v1.41\sources\common\fttol.c
		___fttol       		CODE           	1E30	0000	303

C:\Program Files (x86)\Microchip\xc8\v1.41\sources\common\fttol.c estimated size: 303

C:\Program Files (x86)\Microchip\xc8\v1.41\sources\common\Umul16.c
		___wmul        		CODE           	2696	0000	39

C:\Program Files (x86)\Microchip\xc8\v1.41\sources\common\Umul16.c estimated size: 39

C:\Program Files (x86)\Microchip\xc8\v1.41\sources\common\isdigit.c
		_isdigit       		CODE           	2704	0000	31

C:\Program Files (x86)\Microchip\xc8\v1.41\sources\common\isdigit.c estimated size: 31

C:\Program Files (x86)\Microchip\xc8\v1.41\sources\common\ftadd.c
		___ftadd       		CODE           	16E6	0000	617

C:\Program Files (x86)\Microchip\xc8\v1.41\sources\common\ftadd.c estimated size: 617

C:\Program Files (x86)\Microchip\xc8\v1.41\sources\common\ftge.c
		___ftge        		CODE           	22BC	0000	145

C:\Program Files (x86)\Microchip\xc8\v1.41\sources\common\ftge.c estimated size: 145

C:\Program Files (x86)\Microchip\xc8\v1.41\sources\common\fldivl.c
		__div_to_l_    		CODE           	1F5E	0000	297

C:\Program Files (x86)\Microchip\xc8\v1.41\sources\common\fldivl.c estimated size: 297

C:\Program Files (x86)\Microchip\xc8\v1.41\sources\common\ftneg.c
		___ftneg       		CODE           	26BC	0000	37

C:\Program Files (x86)\Microchip\xc8\v1.41\sources\common\ftneg.c estimated size: 37

C:\Program Files (x86)\Microchip\xc8\v1.41\sources\common\ftsub.c
		___ftsub       		CODE           	2584	0000	77

C:\Program Files (x86)\Microchip\xc8\v1.41\sources\common\ftsub.c estimated size: 77

C:\Program Files (x86)\Microchip\xc8\v1.41\sources\common\float.c
		___ftpack      		CODE           	217A	0000	175

C:\Program Files (x86)\Microchip\xc8\v1.41\sources\common\float.c estimated size: 175

shared
		__powers_      		SMALLCONST     	0629	0000	40
		_dpowers       		SMALLCONST     	0601	0000	41
		__npowers_     		SMALLCONST     	0650	0000	40
		__initialization		CODE           	263A	0000	33
		_hexpowers     		SMALLCONST     	0677	0000	33

shared estimated size: 187

uart_layer.c
		_uart_init     		CODE           	25D0	0000	55
		_uart_receiver 		CODE           	2668	0000	47
		_uart_send     		CODE           	2722	0000	23
		_uart_send_string		CODE           	2606	0000	53

uart_layer.c estimated size: 178

C:\Program Files (x86)\Microchip\xc8\v1.41\sources\common\awmod.c
		___awmod       		CODE           	2452	0000	113

C:\Program Files (x86)\Microchip\xc8\v1.41\sources\common\awmod.c estimated size: 113

C:\Program Files (x86)\Microchip\xc8\v1.41\sources\common\llmod.c
		___llmod       		CODE           	24C2	0000	103

C:\Program Files (x86)\Microchip\xc8\v1.41\sources\common\llmod.c estimated size: 103

C:\Program Files (x86)\Microchip\xc8\v1.41\sources\common\ftmul.c
		___ftmul       		CODE           	2086	0000	245

C:\Program Files (x86)\Microchip\xc8\v1.41\sources\common\ftmul.c estimated size: 245

C:\Program Files (x86)\Microchip\xc8\v1.41\sources\common\lwtoft.c
		___lwtoft      		CODE           	26E0	0000	37

C:\Program Files (x86)\Microchip\xc8\v1.41\sources\common\lwtoft.c estimated size: 37

C:\Program Files (x86)\Microchip\xc8\v1.41\sources\common\lltoft.c
		___lltoft      		CODE           	2528	0000	93

C:\Program Files (x86)\Microchip\xc8\v1.41\sources\common\lltoft.c estimated size: 93

main.c
		_main          		CODE           	1B94	0000	363
		_high_isr      		CODE           	0008	0000	155
		_low_isr       		CODE           	0018	0000	147

main.c estimated size: 665

